


78K0R Linker W1.80                            Date:22 Jul 2016 Page:   1

Command:   -yD:\Renesas Electronics\CS+\CACX\Device\RL78\Devicefile -_ms
           goff -oDefaultBuild\WTF-beta.lmf -gi00000000000000000000h -go
           84h,0FE00h,512 -gb0EFFFE8H -mi0 -s -pDefaultBuild\WTF-beta.ma
           p D:\Renesas Electronics\CS+\CACX\CA78K0R\V1.72\lib78k0r\s0rl
           l.rel DefaultBuild\r_main.rel DefaultBuild\r_systeminit.rel D
           efaultBuild\r_cg_cgc.rel DefaultBuild\r_cg_cgc_user.rel Defau
           ltBuild\r_cg_port.rel DefaultBuild\r_cg_port_user.rel Default
           Build\r_cg_serial.rel DefaultBuild\r_cg_serial_user.rel Defau
           ltBuild\r_cg_timer.rel DefaultBuild\r_cg_timer_user.rel Defau
           ltBuild\r_cg_it.rel DefaultBuild\r_cg_it_user.rel DefaultBuil
           d\delay.rel DefaultBuild\GY95.rel DefaultBuild\attitude_contr
           ol.rel DefaultBuild\system.rel DefaultBuild\px4flow.rel Defau
           ltBuild\raspberry_pi.rel -bcl0ram.lib -bcl0rm.lib -bcl0rmf.li
           b -iD:\Renesas Electronics\CS+\CACX\CA78K0R\V1.72\lib78k0r
Para-file:
Out-file:  DefaultBuild\WTF-beta.lmf
Map-file:  DefaultBuild\WTF-beta.map
Direc-file:
Directive:


*** Link information ***

    51 output segment(s)
 2245H byte(s) real data
  1624 symbol(s) defined


*** Memory map ***


  SPACE=REGULAR

  MEMORY=ROM
  BASE ADDRESS=00000H   SIZE=10000H
         OUTPUT   INPUT    INPUT      BASE      SIZE
         SEGMENT  SEGMENT  MODULE     ADDRESS
         @@VECT00                     00000H    00002H  CSEG AT
                  @@VECT00 @cstart    00000H    00002H
         @@CNSTL                      00002H    00000H  CSEG PAGE64KP
                  @@CNSTL  @cstart    00002H    00000H
         @@CNSTL                      00002H    00000H  CSEG PAGE64KP
                  @@CNSTL  r_main     00002H    00000H
         @@CNSTL                      00002H    00000H  CSEG PAGE64KP
                  @@CNSTL  r_systeminit
                                      00002H    00000H
         @@CNSTL                      00002H    00000H  CSEG PAGE64KP
                  @@CNSTL  r_cg_cgc   00002H    00000H
         @@CNSTL                      00002H    00000H  CSEG PAGE64KP
                  @@CNSTL  r_cg_cgc_user
                                      00002H    00000H
         @@CNSTL                      00002H    00000H  CSEG PAGE64KP
                  @@CNSTL  r_cg_port
                                      00002H    00000H
         @@CNSTL                      00002H    00000H  CSEG PAGE64KP
                  @@CNSTL  r_cg_port_user
                                      00002H    00000H
         @@CNSTL                      00002H    00000H  CSEG PAGE64KP
                  @@CNSTL  r_cg_serial
                                      00002H    00000H
         @@CNSTL                      00002H    00000H  CSEG PAGE64KP
                  @@CNSTL  r_cg_serial_user
                                      00002H    00000H
         @@CNSTL                      00002H    00000H  CSEG PAGE64KP
                  @@CNSTL  r_cg_timer
                                      00002H    00000H
         @@CNSTL                      00002H    00000H  CSEG PAGE64KP
                  @@CNSTL  r_cg_timer_user
                                      00002H    00000H
         @@CNSTL                      00002H    00000H  CSEG PAGE64KP
                  @@CNSTL  r_cg_it    00002H    00000H
         @@CNSTL                      00002H    00000H  CSEG PAGE64KP
                  @@CNSTL  r_cg_it_user
                                      00002H    00000H
         @@CNSTL                      00002H    00000H  CSEG PAGE64KP
                  @@CNSTL  delay      00002H    00000H
         @@CNSTL                      00002H    00000H  CSEG PAGE64KP
                  @@CNSTL  GY95       00002H    00000H
         @@CNSTL                      00002H    00000H  CSEG PAGE64KP
                  @@CNSTL  attitude_control
                                      00002H    00000H
         @@CNSTL                      00002H    00000H  CSEG PAGE64KP
                  @@CNSTL  system     00002H    00000H
         @@CNSTL                      00002H    00000H  CSEG PAGE64KP
                  @@CNSTL  px4flow    00002H    00000H
         @@CNSTL                      00002H    00000H  CSEG PAGE64KP
                  @@CNSTL  raspberry_pi
                                      00002H    00000H
         @@RLINIT                     00002H    00000H  CSEG UNIT64KP
                  @@RLINIT @cstart    00002H    00000H
                  @@RLINIT r_main     00002H    00000H
                  @@RLINIT r_systeminit
                                      00002H    00000H
                  @@RLINIT r_cg_cgc   00002H    00000H
                  @@RLINIT r_cg_cgc_user
                                      00002H    00000H
                  @@RLINIT r_cg_port
                                      00002H    00000H
                  @@RLINIT r_cg_port_user
                                      00002H    00000H
                  @@RLINIT r_cg_serial
                                      00002H    00000H
                  @@RLINIT r_cg_serial_user
                                      00002H    00000H
                  @@RLINIT r_cg_timer
                                      00002H    00000H
                  @@RLINIT r_cg_timer_user
                                      00002H    00000H
                  @@RLINIT r_cg_it    00002H    00000H
                  @@RLINIT r_cg_it_user
                                      00002H    00000H
                  @@RLINIT delay      00002H    00000H
                  @@RLINIT GY95       00002H    00000H
                  @@RLINIT attitude_control
                                      00002H    00000H
                  @@RLINIT system     00002H    00000H
                  @@RLINIT px4flow    00002H    00000H
                  @@RLINIT raspberry_pi
                                      00002H    00000H
                  @@RLINIT @rom       00002H    00000H
         @@R_INIS                     00002H    00000H  CSEG UNIT64KP
                  @@R_INIS @cstart    00002H    00000H
                  @@R_INIS r_main     00002H    00000H
                  @@R_INIS r_systeminit
                                      00002H    00000H
                  @@R_INIS r_cg_cgc   00002H    00000H
                  @@R_INIS r_cg_cgc_user
                                      00002H    00000H
                  @@R_INIS r_cg_port
                                      00002H    00000H
                  @@R_INIS r_cg_port_user
                                      00002H    00000H
                  @@R_INIS r_cg_serial
                                      00002H    00000H
                  @@R_INIS r_cg_serial_user
                                      00002H    00000H
                  @@R_INIS r_cg_timer
                                      00002H    00000H
                  @@R_INIS r_cg_timer_user
                                      00002H    00000H
                  @@R_INIS r_cg_it    00002H    00000H
                  @@R_INIS r_cg_it_user
                                      00002H    00000H
                  @@R_INIS delay      00002H    00000H
                  @@R_INIS GY95       00002H    00000H
                  @@R_INIS attitude_control
                                      00002H    00000H
                  @@R_INIS system     00002H    00000H
                  @@R_INIS px4flow    00002H    00000H
                  @@R_INIS raspberry_pi
                                      00002H    00000H
                  @@R_INIS @rom       00002H    00000H
         @@CALT                       00002H    00000H  CSEG
                  @@CALT   @cstart    00002H    00000H
                  @@CALT   r_main     00002H    00000H
                  @@CALT   r_systeminit
                                      00002H    00000H
                  @@CALT   r_cg_cgc   00002H    00000H
                  @@CALT   r_cg_cgc_user
                                      00002H    00000H
                  @@CALT   r_cg_port
                                      00002H    00000H
                  @@CALT   r_cg_port_user
                                      00002H    00000H
                  @@CALT   r_cg_serial
                                      00002H    00000H
                  @@CALT   r_cg_serial_user
                                      00002H    00000H
                  @@CALT   r_cg_timer
                                      00002H    00000H
                  @@CALT   r_cg_timer_user
                                      00002H    00000H
                  @@CALT   r_cg_it    00002H    00000H
                  @@CALT   r_cg_it_user
                                      00002H    00000H
                  @@CALT   delay      00002H    00000H
                  @@CALT   GY95       00002H    00000H
                  @@CALT   attitude_control
                                      00002H    00000H
                  @@CALT   system     00002H    00000H
                  @@CALT   px4flow    00002H    00000H
                  @@CALT   raspberry_pi
                                      00002H    00000H
         ??NMIROM                     00002H    00002H  CSEG
* gap *                               00004H    0001AH
         @@VECT1E                     0001EH    00004H  CSEG AT
                  @@VECT1E r_cg_serial_user
                                      0001EH    00004H
* gap *                               00022H    00002H
         @@VECT24                     00024H    00004H  CSEG AT
                  @@VECT24 r_cg_serial_user
                                      00024H    00004H
* gap *                               00028H    00002H
         @@VECT2A                     0002AH    00002H  CSEG AT
                  @@VECT2A r_cg_serial_user
                                      0002AH    00002H
         @@VECT2C                     0002CH    00002H  CSEG AT
                  @@VECT2C r_cg_timer_user
                                      0002CH    00002H
* gap *                               0002EH    0000AH
         @@VECT38                     00038H    00002H  CSEG AT
                  @@VECT38 r_cg_it_user
                                      00038H    00002H
* gap *                               0003AH    0000AH
         @@VECT44                     00044H    00004H  CSEG AT
                  @@VECT44 r_cg_timer_user
                                      00044H    00004H
         @@R_INIT                     00048H    00042H  CSEG UNIT64KP
                  @@R_INIT @cstart    00048H    00000H
                  @@R_INIT r_main     00048H    00000H
                  @@R_INIT r_systeminit
                                      00048H    00000H
                  @@R_INIT r_cg_cgc   00048H    00000H
                  @@R_INIT r_cg_cgc_user
                                      00048H    00000H
                  @@R_INIT r_cg_port
                                      00048H    00000H
                  @@R_INIT r_cg_port_user
                                      00048H    00000H
                  @@R_INIT r_cg_serial
                                      00048H    00000H
                  @@R_INIT r_cg_serial_user
                                      00048H    00000H
                  @@R_INIT r_cg_timer
                                      00048H    00000H
                  @@R_INIT r_cg_timer_user
                                      00048H    00000H
                  @@R_INIT r_cg_it    00048H    00000H
                  @@R_INIT r_cg_it_user
                                      00048H    00000H
                  @@R_INIT delay      00048H    00000H
                  @@R_INIT GY95       00048H    00000H
                  @@R_INIT attitude_control
                                      00048H    0003AH
                  @@R_INIT system     00082H    00002H
                  @@R_INIT px4flow    00084H    00004H
                  @@R_INIT raspberry_pi
                                      00088H    00002H
                  @@R_INIT @rom       0008AH    00000H
* gap *                               0008AH    00036H
         ?CSEGOB0                     000C0H    00004H  CSEG OPT_BYTE
         @@CODE                       000C4H    00000H  CSEG BASE
                  @@CODE   r_main     000C4H    00000H
                  @@CODE   r_systeminit
                                      000C4H    00000H
                  @@CODE   r_cg_cgc   000C4H    00000H
                  @@CODE   r_cg_cgc_user
                                      000C4H    00000H
                  @@CODE   r_cg_port
                                      000C4H    00000H
                  @@CODE   r_cg_port_user
                                      000C4H    00000H
                  @@CODE   r_cg_serial
                                      000C4H    00000H
                  @@CODE   r_cg_serial_user
                                      000C4H    00000H
                  @@CODE   r_cg_timer
                                      000C4H    00000H
                  @@CODE   r_cg_timer_user
                                      000C4H    00000H
                  @@CODE   r_cg_it    000C4H    00000H
                  @@CODE   r_cg_it_user
                                      000C4H    00000H
                  @@CODE   delay      000C4H    00000H
                  @@CODE   GY95       000C4H    00000H
                  @@CODE   attitude_control
                                      000C4H    00000H
                  @@CODE   system     000C4H    00000H
                  @@CODE   px4flow    000C4H    00000H
                  @@CODE   raspberry_pi
                                      000C4H    00000H
         ?CSEGSI                      000C4H    0000AH  CSEG
         ?OCDSTAD                     000CEH    0000AH  CSEG
         @@LCODE                      000D8H    00748H  CSEG BASE
                  @@LCODE  @cstart    000D8H    000ADH
                  @@LCODE  m_fmul     00185H    0012BH
                  @@LCODE  m_fdiv     002B0H    001B8H
                  @@LCODE  m_fcom1    00468H    000CFH
                  @@LCODE  m_fcom5    00537H    0002AH
                  @@LCODE  m_fcom6    00561H    0001FH
                  @@LCODE  m_fadd     00580H    0013AH
                  @@LCODE  m_fsub     006BAH    00014H
                  @@LCODE  m_frev     006CEH    00004H
                  @@LCODE  m_fcmp     006D2H    00073H
                  @@LCODE  m_ftols    00745H    00078H
                  @@LCODE  m_lstof    007BDH    00016H
                  @@LCODE  m_lutof    007D3H    0004DH
         @@BASE                       00820H    002AAH  CSEG BASE
                  @@BASE   r_main     00820H    00000H
                  @@BASE   r_systeminit
                                      00820H    00000H
                  @@BASE   r_cg_cgc   00820H    00000H
                  @@BASE   r_cg_cgc_user
                                      00820H    00000H
                  @@BASE   r_cg_port
                                      00820H    00000H
                  @@BASE   r_cg_port_user
                                      00820H    00000H
                  @@BASE   r_cg_serial
                                      00820H    00000H
                  @@BASE   r_cg_serial_user
                                      00820H    001DBH
                  @@BASE   r_cg_timer
                                      009FBH    00000H
                  @@BASE   r_cg_timer_user
                                      009FBH    0008EH
                  @@BASE   r_cg_it    00A89H    00000H
                  @@BASE   r_cg_it_user
                                      00A89H    00041H
                  @@BASE   delay      00ACAH    00000H
                  @@BASE   GY95       00ACAH    00000H
                  @@BASE   attitude_control
                                      00ACAH    00000H
                  @@BASE   system     00ACAH    00000H
                  @@BASE   px4flow    00ACAH    00000H
                  @@BASE   raspberry_pi
                                      00ACAH    00000H
         @@CNSTL                      00ACAH    000CEH  CSEG PAGE64KP
                  @@CNSTL  m_fcom5    00ACAH    000CEH
         @@LCODEL                     00B98H    00060H  CSEG
                  @@LCODEL @stkinit   00B98H    00044H
                  @@LCODEL exit       00BDCH    0001CH
* gap *                               00BF8H    01408H
         @@CNST                       02000H    0000CH  CSEG MIRRORP
                  @@CNST   @cstart    02000H    00000H
                  @@CNST   r_main     02000H    00000H
                  @@CNST   r_systeminit
                                      02000H    00000H
                  @@CNST   r_cg_cgc   02000H    00000H
                  @@CNST   r_cg_cgc_user
                                      02000H    00000H
                  @@CNST   r_cg_port
                                      02000H    00000H
                  @@CNST   r_cg_port_user
                                      02000H    00000H
                  @@CNST   r_cg_serial
                                      02000H    00000H
                  @@CNST   r_cg_serial_user
                                      02000H    00000H
                  @@CNST   r_cg_timer
                                      02000H    00000H
                  @@CNST   r_cg_timer_user
                                      02000H    00000H
                  @@CNST   r_cg_it    02000H    00000H
                  @@CNST   r_cg_it_user
                                      02000H    00000H
                  @@CNST   delay      02000H    00000H
                  @@CNST   GY95       02000H    00006H
                  @@CNST   attitude_control
                                      02006H    00000H
                  @@CNST   system     02006H    00000H
                  @@CNST   px4flow    02006H    00002H
                  @@CNST   raspberry_pi
                                      02008H    00004H
         @@CODEL                      0200CH    014A9H  CSEG
                  @@CODEL  r_main     0200CH    00014H
                  @@CODEL  r_systeminit
                                      02020H    0002EH
                  @@CODEL  r_cg_cgc   0204EH    00017H
                  @@CODEL  r_cg_cgc_user
                                      02065H    0000CH
                  @@CODEL  r_cg_port
                                      02071H    00013H
                  @@CODEL  r_cg_port_user
                                      02084H    00000H
                  @@CODEL  r_cg_serial
                                      02084H    003C2H
                  @@CODEL  r_cg_serial_user
                                      02446H    000CEH
                  @@CODEL  r_cg_timer
                                      02514H    00243H
                  @@CODEL  r_cg_timer_user
                                      02757H    00000H
                  @@CODEL  r_cg_it    02757H    00033H
                  @@CODEL  r_cg_it_user
                                      0278AH    00000H
                  @@CODEL  delay      0278AH    0003FH
                  @@CODEL  GY95       027C9H    001FCH
                  @@CODEL  attitude_control
                                      029C5H    003D9H
                  @@CODEL  system     02D9EH    001E3H
                  @@CODEL  px4flow    02F81H    000C9H
                  @@CODEL  raspberry_pi
                                      0304AH    0046BH
* gap *                               034B5H    0C94BH
         ??OCDROM                     0FE00H    00200H  CSEG

  MEMORY=RAM
  BASE ADDRESS=FEF00H   SIZE=01100H
         OUTPUT   INPUT    INPUT      BASE      SIZE
         SEGMENT  SEGMENT  MODULE     ADDRESS
         @@DATA                       FEF00H    001C6H  DSEG BASEP
                  @@DATA   @cstart    FEF00H    000BAH
                  @@DATA   r_main     FEFBAH    00000H
                  @@DATA   r_systeminit
                                      FEFBAH    00000H
                  @@DATA   r_cg_cgc   FEFBAH    00000H
                  @@DATA   r_cg_cgc_user
                                      FEFBAH    00000H
                  @@DATA   r_cg_port
                                      FEFBAH    00000H
                  @@DATA   r_cg_port_user
                                      FEFBAH    00000H
                  @@DATA   r_cg_serial
                                      FEFBAH    00020H
                  @@DATA   r_cg_serial_user
                                      FEFDAH    00006H
                  @@DATA   r_cg_timer
                                      FEFE0H    00000H
                  @@DATA   r_cg_timer_user
                                      FEFE0H    00000H
                  @@DATA   r_cg_it    FEFE0H    00000H
                  @@DATA   r_cg_it_user
                                      FEFE0H    00000H
                  @@DATA   delay      FEFE0H    00000H
                  @@DATA   GY95       FEFE0H    00030H
                  @@DATA   attitude_control
                                      FF010H    0005CH
                  @@DATA   system     FF06CH    0000AH
                  @@DATA   px4flow    FF076H    0001EH
                  @@DATA   raspberry_pi
                                      FF094H    00032H
                  @@DATA   @rom       FF0C6H    00000H
         @@INIT                       FF0C6H    00042H  DSEG BASEP
                  @@INIT   @cstart    FF0C6H    00000H
                  @@INIT   r_main     FF0C6H    00000H
                  @@INIT   r_systeminit
                                      FF0C6H    00000H
                  @@INIT   r_cg_cgc   FF0C6H    00000H
                  @@INIT   r_cg_cgc_user
                                      FF0C6H    00000H
                  @@INIT   r_cg_port
                                      FF0C6H    00000H
                  @@INIT   r_cg_port_user
                                      FF0C6H    00000H
                  @@INIT   r_cg_serial
                                      FF0C6H    00000H
                  @@INIT   r_cg_serial_user
                                      FF0C6H    00000H
                  @@INIT   r_cg_timer
                                      FF0C6H    00000H
                  @@INIT   r_cg_timer_user
                                      FF0C6H    00000H
                  @@INIT   r_cg_it    FF0C6H    00000H
                  @@INIT   r_cg_it_user
                                      FF0C6H    00000H
                  @@INIT   delay      FF0C6H    00000H
                  @@INIT   GY95       FF0C6H    00000H
                  @@INIT   attitude_control
                                      FF0C6H    0003AH
                  @@INIT   system     FF100H    00002H
                  @@INIT   px4flow    FF102H    00004H
                  @@INIT   raspberry_pi
                                      FF106H    00002H
                  @@INIT   @rom       FF108H    00000H
         @@INIS                       FF108H    00000H  DSEG UNITP
                  @@INIS   @cstart    FF108H    00000H
                  @@INIS   r_main     FF108H    00000H
                  @@INIS   r_systeminit
                                      FF108H    00000H
                  @@INIS   r_cg_cgc   FF108H    00000H
                  @@INIS   r_cg_cgc_user
                                      FF108H    00000H
                  @@INIS   r_cg_port
                                      FF108H    00000H
                  @@INIS   r_cg_port_user
                                      FF108H    00000H
                  @@INIS   r_cg_serial
                                      FF108H    00000H
                  @@INIS   r_cg_serial_user
                                      FF108H    00000H
                  @@INIS   r_cg_timer
                                      FF108H    00000H
                  @@INIS   r_cg_timer_user
                                      FF108H    00000H
                  @@INIS   r_cg_it    FF108H    00000H
                  @@INIS   r_cg_it_user
                                      FF108H    00000H
                  @@INIS   delay      FF108H    00000H
                  @@INIS   GY95       FF108H    00000H
                  @@INIS   attitude_control
                                      FF108H    00000H
                  @@INIS   system     FF108H    00000H
                  @@INIS   px4flow    FF108H    00000H
                  @@INIS   raspberry_pi
                                      FF108H    00000H
                  @@INIS   @rom       FF108H    00000H
         @@DATS                       FF108H    00000H  DSEG UNITP
                  @@DATS   @cstart    FF108H    00000H
                  @@DATS   r_main     FF108H    00000H
                  @@DATS   r_systeminit
                                      FF108H    00000H
                  @@DATS   r_cg_cgc   FF108H    00000H
                  @@DATS   r_cg_cgc_user
                                      FF108H    00000H
                  @@DATS   r_cg_port
                                      FF108H    00000H
                  @@DATS   r_cg_port_user
                                      FF108H    00000H
                  @@DATS   r_cg_serial
                                      FF108H    00000H
                  @@DATS   r_cg_serial_user
                                      FF108H    00000H
                  @@DATS   r_cg_timer
                                      FF108H    00000H
                  @@DATS   r_cg_timer_user
                                      FF108H    00000H
                  @@DATS   r_cg_it    FF108H    00000H
                  @@DATS   r_cg_it_user
                                      FF108H    00000H
                  @@DATS   delay      FF108H    00000H
                  @@DATS   GY95       FF108H    00000H
                  @@DATS   attitude_control
                                      FF108H    00000H
                  @@DATS   system     FF108H    00000H
                  @@DATS   px4flow    FF108H    00000H
                  @@DATS   raspberry_pi
                                      FF108H    00000H
                  @@DATS   @rom       FF108H    00000H
         @@INITL                      FF108H    00000H  DSEG UNIT64KP
                  @@INITL  @cstart    FF108H    00000H
                  @@INITL  r_main     FF108H    00000H
                  @@INITL  r_systeminit
                                      FF108H    00000H
                  @@INITL  r_cg_cgc   FF108H    00000H
                  @@INITL  r_cg_cgc_user
                                      FF108H    00000H
                  @@INITL  r_cg_port
                                      FF108H    00000H
                  @@INITL  r_cg_port_user
                                      FF108H    00000H
                  @@INITL  r_cg_serial
                                      FF108H    00000H
                  @@INITL  r_cg_serial_user
                                      FF108H    00000H
                  @@INITL  r_cg_timer
                                      FF108H    00000H
                  @@INITL  r_cg_timer_user
                                      FF108H    00000H
                  @@INITL  r_cg_it    FF108H    00000H
                  @@INITL  r_cg_it_user
                                      FF108H    00000H
                  @@INITL  delay      FF108H    00000H
                  @@INITL  GY95       FF108H    00000H
                  @@INITL  attitude_control
                                      FF108H    00000H
                  @@INITL  system     FF108H    00000H
                  @@INITL  px4flow    FF108H    00000H
                  @@INITL  raspberry_pi
                                      FF108H    00000H
                  @@INITL  @rom       FF108H    00000H
         @@DATAL                      FF108H    00000H  DSEG UNIT64KP
                  @@DATAL  @cstart    FF108H    00000H
                  @@DATAL  r_main     FF108H    00000H
                  @@DATAL  r_systeminit
                                      FF108H    00000H
                  @@DATAL  r_cg_cgc   FF108H    00000H
                  @@DATAL  r_cg_cgc_user
                                      FF108H    00000H
                  @@DATAL  r_cg_port
                                      FF108H    00000H
                  @@DATAL  r_cg_port_user
                                      FF108H    00000H
                  @@DATAL  r_cg_serial
                                      FF108H    00000H
                  @@DATAL  r_cg_serial_user
                                      FF108H    00000H
                  @@DATAL  r_cg_timer
                                      FF108H    00000H
                  @@DATAL  r_cg_timer_user
                                      FF108H    00000H
                  @@DATAL  r_cg_it    FF108H    00000H
                  @@DATAL  r_cg_it_user
                                      FF108H    00000H
                  @@DATAL  delay      FF108H    00000H
                  @@DATAL  GY95       FF108H    00000H
                  @@DATAL  attitude_control
                                      FF108H    00000H
                  @@DATAL  system     FF108H    00000H
                  @@DATAL  px4flow    FF108H    00000H
                  @@DATAL  raspberry_pi
                                      FF108H    00000H
                  @@DATAL  @rom       FF108H    00000H
         @@BITS                       FF108H    00000H  BSEG
                  @@BITS   @cstart    FF108H.0  00000H.0
                  @@BITS   r_main     FF108H.0  00000H.0
                  @@BITS   r_systeminit
                                      FF108H.0  00000H.0
                  @@BITS   r_cg_cgc   FF108H.0  00000H.0
                  @@BITS   r_cg_cgc_user
                                      FF108H.0  00000H.0
                  @@BITS   r_cg_port
                                      FF108H.0  00000H.0
                  @@BITS   r_cg_port_user
                                      FF108H.0  00000H.0
                  @@BITS   r_cg_serial
                                      FF108H.0  00000H.0
                  @@BITS   r_cg_serial_user
                                      FF108H.0  00000H.0
                  @@BITS   r_cg_timer
                                      FF108H.0  00000H.0
                  @@BITS   r_cg_timer_user
                                      FF108H.0  00000H.0
                  @@BITS   r_cg_it    FF108H.0  00000H.0
                  @@BITS   r_cg_it_user
                                      FF108H.0  00000H.0
                  @@BITS   delay      FF108H.0  00000H.0
                  @@BITS   GY95       FF108H.0  00000H.0
                  @@BITS   attitude_control
                                      FF108H.0  00000H.0
                  @@BITS   system     FF108H.0  00000H.0
                  @@BITS   px4flow    FF108H.0  00000H.0
                  @@BITS   raspberry_pi
                                      FF108H.0  00000H.0
* gap *                               FF108H    00DCCH
         @@SEGREG                     FFED4H    00004H  DSEG AT
                  @@SEGREG @SEGREG    FFED4H    00004H
         @@RTARG0                     FFED8H    00008H  DSEG AT
                  @@RTARG0 @RTARG0    FFED8H    00008H
* gap *                               FFEE0H    00020H
* gap (Not Free Area) *               FFF00H    00100H


 Target chip : R5F100LE
 Device file : V1.14
